Archive member included to satisfy reference by file (symbol)

/nix/store/60a09h2l89daz4kij06wv31mxs013svf-riscv64-unknown-elf-toolchain-9.2.0-2855d82/lib/gcc/riscv64-unknown-elf/9.2.0/rv32imac/ilp32/libgcc.a(_clzsi2.o)
                              ./build/FreeRTOS/tasks.o (__clzsi2)
/nix/store/60a09h2l89daz4kij06wv31mxs013svf-riscv64-unknown-elf-toolchain-9.2.0-2855d82/lib/gcc/riscv64-unknown-elf/9.2.0/rv32imac/ilp32/libgcc.a(_udivdi3.o)
                              ./build/FreeRTOS/fe300prci_driver.o (__udivdi3)
/nix/store/60a09h2l89daz4kij06wv31mxs013svf-riscv64-unknown-elf-toolchain-9.2.0-2855d82/lib/gcc/riscv64-unknown-elf/9.2.0/rv32imac/ilp32/libgcc.a(_clz.o)
                              /nix/store/60a09h2l89daz4kij06wv31mxs013svf-riscv64-unknown-elf-toolchain-9.2.0-2855d82/lib/gcc/riscv64-unknown-elf/9.2.0/rv32imac/ilp32/libgcc.a(_clzsi2.o) (__clz_tab)
/nix/store/60a09h2l89daz4kij06wv31mxs013svf-riscv64-unknown-elf-toolchain-9.2.0-2855d82/lib/gcc/riscv64-unknown-elf/9.2.0/../../../../riscv64-unknown-elf/lib/rv32imac/ilp32/libg_nano.a(lib_a-atexit.o)
                              ./build/FreeRTOS/start.o (atexit)
/nix/store/60a09h2l89daz4kij06wv31mxs013svf-riscv64-unknown-elf-toolchain-9.2.0-2855d82/lib/gcc/riscv64-unknown-elf/9.2.0/../../../../riscv64-unknown-elf/lib/rv32imac/ilp32/libg_nano.a(lib_a-exit.o)
                              ./build/FreeRTOS/start.o (exit)
/nix/store/60a09h2l89daz4kij06wv31mxs013svf-riscv64-unknown-elf-toolchain-9.2.0-2855d82/lib/gcc/riscv64-unknown-elf/9.2.0/../../../../riscv64-unknown-elf/lib/rv32imac/ilp32/libg_nano.a(lib_a-fini.o)
                              ./build/FreeRTOS/start.o (__libc_fini_array)
/nix/store/60a09h2l89daz4kij06wv31mxs013svf-riscv64-unknown-elf-toolchain-9.2.0-2855d82/lib/gcc/riscv64-unknown-elf/9.2.0/../../../../riscv64-unknown-elf/lib/rv32imac/ilp32/libg_nano.a(lib_a-impure.o)
                              /nix/store/60a09h2l89daz4kij06wv31mxs013svf-riscv64-unknown-elf-toolchain-9.2.0-2855d82/lib/gcc/riscv64-unknown-elf/9.2.0/../../../../riscv64-unknown-elf/lib/rv32imac/ilp32/libg_nano.a(lib_a-exit.o) (_global_impure_ptr)
/nix/store/60a09h2l89daz4kij06wv31mxs013svf-riscv64-unknown-elf-toolchain-9.2.0-2855d82/lib/gcc/riscv64-unknown-elf/9.2.0/../../../../riscv64-unknown-elf/lib/rv32imac/ilp32/libg_nano.a(lib_a-init.o)
                              ./build/FreeRTOS/start.o (__libc_init_array)
/nix/store/60a09h2l89daz4kij06wv31mxs013svf-riscv64-unknown-elf-toolchain-9.2.0-2855d82/lib/gcc/riscv64-unknown-elf/9.2.0/../../../../riscv64-unknown-elf/lib/rv32imac/ilp32/libg_nano.a(lib_a-memcpy-asm.o)
                              ./build/FreeRTOS/queue.o (memcpy)
/nix/store/60a09h2l89daz4kij06wv31mxs013svf-riscv64-unknown-elf-toolchain-9.2.0-2855d82/lib/gcc/riscv64-unknown-elf/9.2.0/../../../../riscv64-unknown-elf/lib/rv32imac/ilp32/libg_nano.a(lib_a-memset.o)
                              ./build/app/TimerDemo.o (memset)
/nix/store/60a09h2l89daz4kij06wv31mxs013svf-riscv64-unknown-elf-toolchain-9.2.0-2855d82/lib/gcc/riscv64-unknown-elf/9.2.0/../../../../riscv64-unknown-elf/lib/rv32imac/ilp32/libg_nano.a(lib_a-printf.o)
                              ./build/app/test_824.o (printf)
/nix/store/60a09h2l89daz4kij06wv31mxs013svf-riscv64-unknown-elf-toolchain-9.2.0-2855d82/lib/gcc/riscv64-unknown-elf/9.2.0/../../../../riscv64-unknown-elf/lib/rv32imac/ilp32/libg_nano.a(lib_a-strcmp.o)
                              ./build/app/test_824.o (strcmp)
/nix/store/60a09h2l89daz4kij06wv31mxs013svf-riscv64-unknown-elf-toolchain-9.2.0-2855d82/lib/gcc/riscv64-unknown-elf/9.2.0/../../../../riscv64-unknown-elf/lib/rv32imac/ilp32/libg_nano.a(lib_a-__atexit.o)
                              /nix/store/60a09h2l89daz4kij06wv31mxs013svf-riscv64-unknown-elf-toolchain-9.2.0-2855d82/lib/gcc/riscv64-unknown-elf/9.2.0/../../../../riscv64-unknown-elf/lib/rv32imac/ilp32/libg_nano.a(lib_a-atexit.o) (__register_exitproc)
/nix/store/60a09h2l89daz4kij06wv31mxs013svf-riscv64-unknown-elf-toolchain-9.2.0-2855d82/lib/gcc/riscv64-unknown-elf/9.2.0/../../../../riscv64-unknown-elf/lib/rv32imac/ilp32/libg_nano.a(lib_a-__call_atexit.o)
                              /nix/store/60a09h2l89daz4kij06wv31mxs013svf-riscv64-unknown-elf-toolchain-9.2.0-2855d82/lib/gcc/riscv64-unknown-elf/9.2.0/../../../../riscv64-unknown-elf/lib/rv32imac/ilp32/libg_nano.a(lib_a-__atexit.o) (__call_exitprocs)
/nix/store/60a09h2l89daz4kij06wv31mxs013svf-riscv64-unknown-elf-toolchain-9.2.0-2855d82/lib/gcc/riscv64-unknown-elf/9.2.0/../../../../riscv64-unknown-elf/lib/rv32imac/ilp32/libg_nano.a(lib_a-findfp.o)
                              /nix/store/60a09h2l89daz4kij06wv31mxs013svf-riscv64-unknown-elf-toolchain-9.2.0-2855d82/lib/gcc/riscv64-unknown-elf/9.2.0/../../../../riscv64-unknown-elf/lib/rv32imac/ilp32/libg_nano.a(lib_a-printf.o) (__sinit)
[...]
Memory Configuration

Name             Origin             Length             Attributes
flash            0x0000000020400000 0x0000000020000000 axrl !w
ram              0x0000000080000000 0x0000000000004000 axw !rl
*default*        0x0000000000000000 0xffffffffffffffff

Linker script and memory map

                0x0000000000000400                __stack_size = 0x400
START GROUP
END GROUP
LOAD ./build/app/main.o
LOAD ./build/app/test_824.o
LOAD ./build/app/main_test_824.o
LOAD ./build/app/RegTest.o
LOAD ./build/app/EventGroupsDemo.o
LOAD ./build/app/TimerDemo.o
LOAD ./build/app/TaskNotify.o
LOAD ./build/app/GenQTest.o
LOAD ./build/app/blocktim.o
LOAD ./build/app/dynamic.o
LOAD ./build/app/recmutex.o
LOAD ./build/FreeRTOS/croutine.o
LOAD ./build/FreeRTOS/list.o
LOAD ./build/FreeRTOS/queue.o
LOAD ./build/FreeRTOS/tasks.o
LOAD ./build/FreeRTOS/timers.o
LOAD ./build/FreeRTOS/event_groups.o
LOAD ./build/FreeRTOS/stream_buffer.o
LOAD ./build/FreeRTOS/heap_4.o
LOAD ./build/FreeRTOS/port.o
LOAD ./build/FreeRTOS/portASM.o
LOAD ./build/FreeRTOS/_exit.o
LOAD ./build/FreeRTOS/close.o
LOAD ./build/FreeRTOS/execve.o
LOAD ./build/FreeRTOS/fork.o
LOAD ./build/FreeRTOS/fstat.o
LOAD ./build/FreeRTOS/getpid.o
LOAD ./build/FreeRTOS/isatty.o
LOAD ./build/FreeRTOS/kill.o
LOAD ./build/FreeRTOS/link.o
LOAD ./build/FreeRTOS/lseek.o
LOAD ./build/FreeRTOS/openat.o
LOAD ./build/FreeRTOS/puts.o
LOAD ./build/FreeRTOS/read.o
LOAD ./build/FreeRTOS/sbrk.o
LOAD ./build/FreeRTOS/stat.o
LOAD ./build/FreeRTOS/times.o
LOAD ./build/FreeRTOS/unlink.o
LOAD ./build/FreeRTOS/wait.o
LOAD ./build/FreeRTOS/write.o
LOAD ./build/FreeRTOS/malloc.o
LOAD ./build/FreeRTOS/write_hex.o
LOAD ./build/FreeRTOS/init.o
LOAD ./build/FreeRTOS/plic_driver.o
LOAD ./build/FreeRTOS/fe300prci_driver.o
LOAD ./build/FreeRTOS/entry.o
LOAD ./build/FreeRTOS/start.o
LOAD /nix/store/60a09h2l89daz4kij06wv31mxs013svf-riscv64-unknown-elf-toolchain-9.2.0-2855d82/lib/gcc/riscv64-unknown-elf/9.2.0/rv32imac/ilp32/libgcc.a
LOAD /nix/store/60a09h2l89daz4kij06wv31mxs013svf-riscv64-unknown-elf-toolchain-9.2.0-2855d82/lib/gcc/riscv64-unknown-elf/9.2.0/../../../../riscv64-unknown-elf/lib/rv32imac/ilp32/libg_nano.a
LOAD /nix/store/60a09h2l89daz4kij06wv31mxs013svf-riscv64-unknown-elf-toolchain-9.2.0-2855d82/lib/gcc/riscv64-unknown-elf/9.2.0/../../../../riscv64-unknown-elf/lib/rv32imac/ilp32/libc_nano.a
LOAD /nix/store/60a09h2l89daz4kij06wv31mxs013svf-riscv64-unknown-elf-toolchain-9.2.0-2855d82/lib/gcc/riscv64-unknown-elf/9.2.0/rv32imac/ilp32/libgcc.a
START GROUP
LOAD /nix/store/60a09h2l89daz4kij06wv31mxs013svf-riscv64-unknown-elf-toolchain-9.2.0-2855d82/lib/gcc/riscv64-unknown-elf/9.2.0/rv32imac/ilp32/libgcc.a
LOAD /nix/store/60a09h2l89daz4kij06wv31mxs013svf-riscv64-unknown-elf-toolchain-9.2.0-2855d82/lib/gcc/riscv64-unknown-elf/9.2.0/../../../../riscv64-unknown-elf/lib/rv32imac/ilp32/libc_nano.a
LOAD /nix/store/60a09h2l89daz4kij06wv31mxs013svf-riscv64-unknown-elf-toolchain-9.2.0-2855d82/lib/gcc/riscv64-unknown-elf/9.2.0/../../../../riscv64-unknown-elf/lib/rv32imac/ilp32/libgloss_nano.a
END GROUP
                0x0000000000000400                __stack_size = DEFINED (__stack_size)?__stack_size:0x800

.init           0x0000000020400000       0x72
 *(SORT_NONE(.init))
 .init          0x0000000020400000       0x72 ./build/FreeRTOS/start.o
                0x0000000020400000                _start

.text           0x0000000020400074     0x1c5a
 *(.text.unlikely .text.unlikely.*)
 *(.text.startup .text.startup.*)
 *(.text .text.*)
 .text.main     0x0000000020400074       0x16 ./build/app/main.o
                0x0000000020400074                main
 .text.safe_leak
                0x000000002040008a       0x2a ./build/app/test_824.o
                0x000000002040008a                safe_leak
 .text.secret_leak
                0x00000000204000b4       0x2a ./build/app/test_824.o
                0x00000000204000b4                secret_leak
 .text.setup_leaks
                0x00000000204000de       0x36 ./build/app/test_824.o
                0x00000000204000de                setup_leaks
 .text.p02      0x0000000020400114       0x30 ./build/app/test_824.o
                0x0000000020400114                p02
 .text.main_test_824
                0x0000000020400144       0x18 ./build/app/test_824.o
                0x0000000020400144                main_test_824
 .text.main_testgen
                0x000000002040015c       0x2c ./build/app/main_test_824.o
                0x000000002040015c                main_testgen
 .text.__wrap_exit
                0x0000000020400188       0x70 ./build/FreeRTOS/_exit.o
                0x0000000020400188                __wrap__exit
                0x0000000020400188                __wrap_exit
 .text._stub    0x00000000204001f8       0x14 ./build/FreeRTOS/close.o
 .text.__wrap_close
                0x000000002040020c       0x1c ./build/FreeRTOS/close.o
                0x000000002040020c                __wrap_close
                0x000000002040020c                __wrap__close
 .text._stub    0x0000000020400228       0x14 ./build/FreeRTOS/fstat.o
 .text.__wrap_fstat
                0x000000002040023c       0x36 ./build/FreeRTOS/fstat.o
                0x000000002040023c                __wrap_fstat
                0x000000002040023c                __wrap__fstat
 .text.__wrap_isatty
                0x0000000020400272       0x2c ./build/FreeRTOS/isatty.o
                0x0000000020400272                __wrap_isatty
                0x0000000020400272                __wrap__isatty
 .text._stub    0x000000002040029e       0x14 ./build/FreeRTOS/lseek.o
 .text.__wrap_lseek
                0x00000000204002b2       0x32 ./build/FreeRTOS/lseek.o
                0x00000000204002b2                __wrap__lseek
                0x00000000204002b2                __wrap_lseek
 .text._stub    0x00000000204002e4       0x14 ./build/FreeRTOS/read.o
 .text.__wrap_read
                0x00000000204002f8       0xa4 ./build/FreeRTOS/read.o
                0x00000000204002f8                __wrap_read
                0x00000000204002f8                __wrap__read
 .text.__wrap_sbrk
                0x000000002040039c       0x64 ./build/FreeRTOS/sbrk.o
                0x000000002040039c                __wrap_sbrk
                0x000000002040039c                __wrap__sbrk
 .text._stub    0x0000000020400400       0x14 ./build/FreeRTOS/write.o
 .text.__wrap_write
                0x0000000020400414       0xa0 ./build/FreeRTOS/write.o
                0x0000000020400414                __wrap_write
                0x0000000020400414                __wrap__write
 .text.write_hex
                0x00000000204004b4       0xa6 ./build/FreeRTOS/write_hex.o
                0x00000000204004b4                write_hex
 .text.mtime_lo
                0x000000002040055a       0x16 ./build/FreeRTOS/init.o
 .text.get_timer_freq
                0x0000000020400570       0x10 ./build/FreeRTOS/init.o
                0x0000000020400570                get_timer_freq
 .text.use_hfrosc
                0x0000000020400580       0x5c ./build/FreeRTOS/init.o
 .text.use_pll  0x00000000204005dc      0x142 ./build/FreeRTOS/init.o
 .text.use_default_clocks
                0x000000002040071e       0x34 ./build/FreeRTOS/init.o
 .text.measure_cpu_freq
                0x0000000020400752       0xaa ./build/FreeRTOS/init.o
 .text.get_cpu_freq
                0x00000000204007fc       0x30 ./build/FreeRTOS/init.o
                0x00000000204007fc                get_cpu_freq
 .text.uart_init
                0x000000002040082c       0x76 ./build/FreeRTOS/init.o
 .text.handle_trap
                0x00000000204008a2       0x2a ./build/FreeRTOS/init.o
                0x00000000204008a2                handle_trap
 .text._init    0x00000000204008cc       0x60 ./build/FreeRTOS/init.o
                0x00000000204008cc                _init
 .text._fini    0x000000002040092c        0xe ./build/FreeRTOS/init.o
                0x000000002040092c                _fini
 *fill*         0x000000002040093a        0x2 
 .text.entry    0x000000002040093c       0xa4 ./build/FreeRTOS/entry.o
                0x000000002040093c                trap_entry
 .text.atexit   0x00000000204009e0        0xa /nix/store/60a09h2l89daz4kij06wv31mxs013svf-riscv64-unknown-elf-toolchain-9.2.0-2855d82/lib/gcc/riscv64-unknown-elf/9.2.0/../../../../riscv64-unknown-elf/lib/rv32imac/ilp32/libg_nano.a(lib_a-atexit.o)
                0x00000000204009e0                atexit
 .text.exit     0x00000000204009ea       0x2a /nix/store/60a09h2l89daz4kij06wv31mxs013svf-riscv64-unknown-elf-toolchain-9.2.0-2855d82/lib/gcc/riscv64-unknown-elf/9.2.0/../../../../riscv64-unknown-elf/lib/rv32imac/ilp32/libg_nano.a(lib_a-exit.o)
                0x00000000204009ea                exit
 .text.__libc_fini_array
                0x0000000020400a14       0x38 /nix/store/60a09h2l89daz4kij06wv31mxs013svf-riscv64-unknown-elf-toolchain-9.2.0-2855d82/lib/gcc/riscv64-unknown-elf/9.2.0/../../../../riscv64-unknown-elf/lib/rv32imac/ilp32/libg_nano.a(lib_a-fini.o)
                0x0000000020400a14                __libc_fini_array
 .text.__libc_init_array
                0x0000000020400a4c       0x6a /nix/store/60a09h2l89daz4kij06wv31mxs013svf-riscv64-unknown-elf-toolchain-9.2.0-2855d82/lib/gcc/riscv64-unknown-elf/9.2.0/../../../../riscv64-unknown-elf/lib/rv32imac/ilp32/libg_nano.a(lib_a-init.o)
                0x0000000020400a4c                __libc_init_array
 .text          0x0000000020400ab6       0x10 /nix/store/60a09h2l89daz4kij06wv31mxs013svf-riscv64-unknown-elf-toolchain-9.2.0-2855d82/lib/gcc/riscv64-unknown-elf/9.2.0/../../../../riscv64-unknown-elf/lib/rv32imac/ilp32/libg_nano.a(lib_a-memset.o)
                0x0000000020400ab6                memset
 .text.printf   0x0000000020400ac6       0x38 /nix/store/60a09h2l89daz4kij06wv31mxs013svf-riscv64-unknown-elf-toolchain-9.2.0-2855d82/lib/gcc/riscv64-unknown-elf/9.2.0/../../../../riscv64-unknown-elf/lib/rv32imac/ilp32/libg_nano.a(lib_a-printf.o)
                0x0000000020400ac6                printf
                0x0000000020400ac6                iprintf
 .text.__register_exitproc
                0x0000000020400afe       0x78 /nix/store/60a09h2l89daz4kij06wv31mxs013svf-riscv64-unknown-elf-toolchain-9.2.0-2855d82/lib/gcc/riscv64-unknown-elf/9.2.0/../../../../riscv64-unknown-elf/lib/rv32imac/ilp32/libg_nano.a(lib_a-__atexit.o)
                0x0000000020400afe                __register_exitproc
 .text.__call_exitprocs
                0x0000000020400b76       0xc4 /nix/store/60a09h2l89daz4kij06wv31mxs013svf-riscv64-unknown-elf-toolchain-9.2.0-2855d82/lib/gcc/riscv64-unknown-elf/9.2.0/../../../../riscv64-unknown-elf/lib/rv32imac/ilp32/libg_nano.a(lib_a-__call_atexit.o)
                0x0000000020400b76                __call_exitprocs
 .text.std      0x0000000020400c3a       0x68 /nix/store/60a09h2l89daz4kij06wv31mxs013svf-riscv64-unknown-elf-toolchain-9.2.0-2855d82/lib/gcc/riscv64-unknown-elf/9.2.0/../../../../riscv64-unknown-elf/lib/rv32imac/ilp32/libg_nano.a(lib_a-findfp.o)
 .text._cleanup_r
                0x0000000020400ca2        0xa /nix/store/60a09h2l89daz4kij06wv31mxs013svf-riscv64-unknown-elf-toolchain-9.2.0-2855d82/lib/gcc/riscv64-unknown-elf/9.2.0/../../../../riscv64-unknown-elf/lib/rv32imac/ilp32/libg_nano.a(lib_a-findfp.o)
                0x0000000020400ca2                _cleanup_r
 .text.__sfmoreglue
                0x0000000020400cac       0x44 /nix/store/60a09h2l89daz4kij06wv31mxs013svf-riscv64-unknown-elf-toolchain-9.2.0-2855d82/lib/gcc/riscv64-unknown-elf/9.2.0/../../../../riscv64-unknown-elf/lib/rv32imac/ilp32/libg_nano.a(lib_a-findfp.o)
                0x0000000020400cac                __sfmoreglue
 .text.__sinit  0x0000000020400cf0       0x6a /nix/store/60a09h2l89daz4kij06wv31mxs013svf-riscv64-unknown-elf-toolchain-9.2.0-2855d82/lib/gcc/riscv64-unknown-elf/9.2.0/../../../../riscv64-unknown-elf/lib/rv32imac/ilp32/libg_nano.a(lib_a-findfp.o)
                0x0000000020400cf0                __sinit
 .text.__sfp    0x0000000020400d5a       0x9c /nix/store/60a09h2l89daz4kij06wv31mxs013svf-riscv64-unknown-elf-toolchain-9.2.0-2855d82/lib/gcc/riscv64-unknown-elf/9.2.0/../../../../riscv64-unknown-elf/lib/rv32imac/ilp32/libg_nano.a(lib_a-findfp.o)
                0x0000000020400d5a                __sfp
 .text._fwalk_reent
                0x0000000020400df6       0x6a /nix/store/60a09h2l89daz4kij06wv31mxs013svf-riscv64-unknown-elf-toolchain-9.2.0-2855d82/lib/gcc/riscv64-unknown-elf/9.2.0/../../../../riscv64-unknown-elf/lib/rv32imac/ilp32/libg_nano.a(lib_a-fwalk.o)
                0x0000000020400df6                _fwalk_reent
 .text._malloc_r
                0x0000000020400e60       0xd8 /nix/store/60a09h2l89daz4kij06wv31mxs013svf-riscv64-unknown-elf-toolchain-9.2.0-2855d82/lib/gcc/riscv64-unknown-elf/9.2.0/../../../../riscv64-unknown-elf/lib/rv32imac/ilp32/libg_nano.a(lib_a-nano-mallocr.o)
                0x0000000020400e60                _malloc_r
 .text.__sfputc_r
                0x0000000020400f38       0x28 /nix/store/60a09h2l89daz4kij06wv31mxs013svf-riscv64-unknown-elf-toolchain-9.2.0-2855d82/lib/gcc/riscv64-unknown-elf/9.2.0/../../../../riscv64-unknown-elf/lib/rv32imac/ilp32/libg_nano.a(lib_a-nano-vfprintf.o)
 .text.__sfputs_r
                0x0000000020400f60       0x42 /nix/store/60a09h2l89daz4kij06wv31mxs013svf-riscv64-unknown-elf-toolchain-9.2.0-2855d82/lib/gcc/riscv64-unknown-elf/9.2.0/../../../../riscv64-unknown-elf/lib/rv32imac/ilp32/libg_nano.a(lib_a-nano-vfprintf.o)
                0x0000000020400f60                __sfputs_r
 .text._vfprintf_r
                0x0000000020400fa2      0x29c /nix/store/60a09h2l89daz4kij06wv31mxs013svf-riscv64-unknown-elf-toolchain-9.2.0-2855d82/lib/gcc/riscv64-unknown-elf/9.2.0/../../../../riscv64-unknown-elf/lib/rv32imac/ilp32/libg_nano.a(lib_a-nano-vfprintf.o)
                0x0000000020400fa2                _vfiprintf_r
                0x0000000020400fa2                _vfprintf_r
 .text._printf_common
                0x000000002040123e      0x10c /nix/store/60a09h2l89daz4kij06wv31mxs013svf-riscv64-unknown-elf-toolchain-9.2.0-2855d82/lib/gcc/riscv64-unknown-elf/9.2.0/../../../../riscv64-unknown-elf/lib/rv32imac/ilp32/libg_nano.a(lib_a-nano-vfprintf_i.o)
                0x000000002040123e                _printf_common
 .text._printf_i
                0x000000002040134a      0x272 /nix/store/60a09h2l89daz4kij06wv31mxs013svf-riscv64-unknown-elf-toolchain-9.2.0-2855d82/lib/gcc/riscv64-unknown-elf/9.2.0/../../../../riscv64-unknown-elf/lib/rv32imac/ilp32/libg_nano.a(lib_a-nano-vfprintf_i.o)
                0x000000002040134a                _printf_i
 .text._sbrk_r  0x00000000204015bc       0x28 /nix/store/60a09h2l89daz4kij06wv31mxs013svf-riscv64-unknown-elf-toolchain-9.2.0-2855d82/lib/gcc/riscv64-unknown-elf/9.2.0/../../../../riscv64-unknown-elf/lib/rv32imac/ilp32/libg_nano.a(lib_a-sbrkr.o)
                0x00000000204015bc                _sbrk_r
 .text.__sread  0x00000000204015e4       0x30 /nix/store/60a09h2l89daz4kij06wv31mxs013svf-riscv64-unknown-elf-toolchain-9.2.0-2855d82/lib/gcc/riscv64-unknown-elf/9.2.0/../../../../riscv64-unknown-elf/lib/rv32imac/ilp32/libg_nano.a(lib_a-stdio.o)
                0x00000000204015e4                __sread
 .text.__swrite
                0x0000000020401614       0x4e /nix/store/60a09h2l89daz4kij06wv31mxs013svf-riscv64-unknown-elf-toolchain-9.2.0-2855d82/lib/gcc/riscv64-unknown-elf/9.2.0/../../../../riscv64-unknown-elf/lib/rv32imac/ilp32/libg_nano.a(lib_a-stdio.o)
                0x0000000020401614                __swrite
 .text.__sseek  0x0000000020401662       0x36 /nix/store/60a09h2l89daz4kij06wv31mxs013svf-riscv64-unknown-elf-toolchain-9.2.0-2855d82/lib/gcc/riscv64-unknown-elf/9.2.0/../../../../riscv64-unknown-elf/lib/rv32imac/ilp32/libg_nano.a(lib_a-stdio.o)
                0x0000000020401662                __sseek
 .text.__sclose
                0x0000000020401698        0x6 /nix/store/60a09h2l89daz4kij06wv31mxs013svf-riscv64-unknown-elf-toolchain-9.2.0-2855d82/lib/gcc/riscv64-unknown-elf/9.2.0/../../../../riscv64-unknown-elf/lib/rv32imac/ilp32/libg_nano.a(lib_a-stdio.o)
                0x0000000020401698                __sclose
 .text.__swbuf_r
                0x000000002040169e       0xc2 /nix/store/60a09h2l89daz4kij06wv31mxs013svf-riscv64-unknown-elf-toolchain-9.2.0-2855d82/lib/gcc/riscv64-unknown-elf/9.2.0/../../../../riscv64-unknown-elf/lib/rv32imac/ilp32/libg_nano.a(lib_a-wbuf.o)
                0x000000002040169e                __swbuf_r
 .text._write_r
                0x0000000020401760       0x2c /nix/store/60a09h2l89daz4kij06wv31mxs013svf-riscv64-unknown-elf-toolchain-9.2.0-2855d82/lib/gcc/riscv64-unknown-elf/9.2.0/../../../../riscv64-unknown-elf/lib/rv32imac/ilp32/libg_nano.a(lib_a-writer.o)
                0x0000000020401760                _write_r
 .text.__swsetup_r
                0x000000002040178c      0x108 /nix/store/60a09h2l89daz4kij06wv31mxs013svf-riscv64-unknown-elf-toolchain-9.2.0-2855d82/lib/gcc/riscv64-unknown-elf/9.2.0/../../../../riscv64-unknown-elf/lib/rv32imac/ilp32/libg_nano.a(lib_a-wsetup.o)
                0x000000002040178c                __swsetup_r
 .text._close_r
                0x0000000020401894       0x28 /nix/store/60a09h2l89daz4kij06wv31mxs013svf-riscv64-unknown-elf-toolchain-9.2.0-2855d82/lib/gcc/riscv64-unknown-elf/9.2.0/../../../../riscv64-unknown-elf/lib/rv32imac/ilp32/libg_nano.a(lib_a-closer.o)
                0x0000000020401894                _close_r
 .text.__sflush_r
                0x00000000204018bc      0x14a /nix/store/60a09h2l89daz4kij06wv31mxs013svf-riscv64-unknown-elf-toolchain-9.2.0-2855d82/lib/gcc/riscv64-unknown-elf/9.2.0/../../../../riscv64-unknown-elf/lib/rv32imac/ilp32/libg_nano.a(lib_a-fflush.o)
                0x00000000204018bc                __sflush_r
 .text._fflush_r
                0x0000000020401a06       0x66 /nix/store/60a09h2l89daz4kij06wv31mxs013svf-riscv64-unknown-elf-toolchain-9.2.0-2855d82/lib/gcc/riscv64-unknown-elf/9.2.0/../../../../riscv64-unknown-elf/lib/rv32imac/ilp32/libg_nano.a(lib_a-fflush.o)
                0x0000000020401a06                _fflush_r
 .text._lseek_r
                0x0000000020401a6c       0x2c /nix/store/60a09h2l89daz4kij06wv31mxs013svf-riscv64-unknown-elf-toolchain-9.2.0-2855d82/lib/gcc/riscv64-unknown-elf/9.2.0/../../../../riscv64-unknown-elf/lib/rv32imac/ilp32/libg_nano.a(lib_a-lseekr.o)
                0x0000000020401a6c                _lseek_r
 .text.__swhatbuf_r
                0x0000000020401a98       0x5a /nix/store/60a09h2l89daz4kij06wv31mxs013svf-riscv64-unknown-elf-toolchain-9.2.0-2855d82/lib/gcc/riscv64-unknown-elf/9.2.0/../../../../riscv64-unknown-elf/lib/rv32imac/ilp32/libg_nano.a(lib_a-makebuf.o)
                0x0000000020401a98                __swhatbuf_r
 .text.__smakebuf_r
                0x0000000020401af2       0x9e /nix/store/60a09h2l89daz4kij06wv31mxs013svf-riscv64-unknown-elf-toolchain-9.2.0-2855d82/lib/gcc/riscv64-unknown-elf/9.2.0/../../../../riscv64-unknown-elf/lib/rv32imac/ilp32/libg_nano.a(lib_a-makebuf.o)
                0x0000000020401af2                __smakebuf_r
 .text.memchr   0x0000000020401b90       0x1a /nix/store/60a09h2l89daz4kij06wv31mxs013svf-riscv64-unknown-elf-toolchain-9.2.0-2855d82/lib/gcc/riscv64-unknown-elf/9.2.0/../../../../riscv64-unknown-elf/lib/rv32imac/ilp32/libg_nano.a(lib_a-memchr.o)
                0x0000000020401b90                memchr
 .text.__malloc_lock
                0x0000000020401baa        0x2 /nix/store/60a09h2l89daz4kij06wv31mxs013svf-riscv64-unknown-elf-toolchain-9.2.0-2855d82/lib/gcc/riscv64-unknown-elf/9.2.0/../../../../riscv64-unknown-elf/lib/rv32imac/ilp32/libg_nano.a(lib_a-mlock.o)
                0x0000000020401baa                __malloc_lock
 .text.__malloc_unlock
                0x0000000020401bac        0x2 /nix/store/60a09h2l89daz4kij06wv31mxs013svf-riscv64-unknown-elf-toolchain-9.2.0-2855d82/lib/gcc/riscv64-unknown-elf/9.2.0/../../../../riscv64-unknown-elf/lib/rv32imac/ilp32/libg_nano.a(lib_a-mlock.o)
                0x0000000020401bac                __malloc_unlock
 .text._free_r  0x0000000020401bae       0xa2 /nix/store/60a09h2l89daz4kij06wv31mxs013svf-riscv64-unknown-elf-toolchain-9.2.0-2855d82/lib/gcc/riscv64-unknown-elf/9.2.0/../../../../riscv64-unknown-elf/lib/rv32imac/ilp32/libg_nano.a(lib_a-nano-freer.o)
                0x0000000020401bae                _free_r
 .text._read_r  0x0000000020401c50       0x2c /nix/store/60a09h2l89daz4kij06wv31mxs013svf-riscv64-unknown-elf-toolchain-9.2.0-2855d82/lib/gcc/riscv64-unknown-elf/9.2.0/../../../../riscv64-unknown-elf/lib/rv32imac/ilp32/libg_nano.a(lib_a-readr.o)
                0x0000000020401c50                _read_r
 .text._fstat_r
                0x0000000020401c7c       0x2a /nix/store/60a09h2l89daz4kij06wv31mxs013svf-riscv64-unknown-elf-toolchain-9.2.0-2855d82/lib/gcc/riscv64-unknown-elf/9.2.0/../../../../riscv64-unknown-elf/lib/rv32imac/ilp32/libg_nano.a(lib_a-fstatr.o)
                0x0000000020401c7c                _fstat_r
 .text._isatty_r
                0x0000000020401ca6       0x28 /nix/store/60a09h2l89daz4kij06wv31mxs013svf-riscv64-unknown-elf-toolchain-9.2.0-2855d82/lib/gcc/riscv64-unknown-elf/9.2.0/../../../../riscv64-unknown-elf/lib/rv32imac/ilp32/libg_nano.a(lib_a-isattyr.o)
                0x0000000020401ca6                _isatty_r
 *(.gnu.linkonce.t.*)

.fini
 *(SORT_NONE(.fini))
                [!provide]                        PROVIDE (__etext = .)
                [!provide]                        PROVIDE (_etext = .)
                [!provide]                        PROVIDE (etext = .)

.rodata         0x0000000020401cd0      0x248
 *(.rdata)
 *(.rodata .rodata.*)
 .rodata        0x0000000020401cd0       0xd9 ./build/app/test_824.o
 *fill*         0x0000000020401da9        0x3 
 .rodata        0x0000000020401dac       0x32 ./build/app/main_test_824.o
 *fill*         0x0000000020401dde        0x2 
 .rodata        0x0000000020401de0       0x22 ./build/FreeRTOS/_exit.o
 *fill*         0x0000000020401e02        0x2 
 .rodata        0x0000000020401e04        0x3 ./build/FreeRTOS/write_hex.o
 *fill*         0x0000000020401e07        0x1 
 .rodata        0x0000000020401e08       0x1c ./build/FreeRTOS/init.o
 .rodata.__sf_fake_stderr
                0x0000000020401e24       0x20 /nix/store/60a09h2l89daz4kij06wv31mxs013svf-riscv64-unknown-elf-toolchain-9.2.0-2855d82/lib/gcc/riscv64-unknown-elf/9.2.0/../../../../riscv64-unknown-elf/lib/rv32imac/ilp32/libg_nano.a(lib_a-findfp.o)
                0x0000000020401e24                __sf_fake_stderr
 .rodata.__sf_fake_stdin
                0x0000000020401e44       0x20 /nix/store/60a09h2l89daz4kij06wv31mxs013svf-riscv64-unknown-elf-toolchain-9.2.0-2855d82/lib/gcc/riscv64-unknown-elf/9.2.0/../../../../riscv64-unknown-elf/lib/rv32imac/ilp32/libg_nano.a(lib_a-findfp.o)
                0x0000000020401e44                __sf_fake_stdin
 .rodata.__sf_fake_stdout
                0x0000000020401e64       0x20 /nix/store/60a09h2l89daz4kij06wv31mxs013svf-riscv64-unknown-elf-toolchain-9.2.0-2855d82/lib/gcc/riscv64-unknown-elf/9.2.0/../../../../riscv64-unknown-elf/lib/rv32imac/ilp32/libg_nano.a(lib_a-findfp.o)
                0x0000000020401e64                __sf_fake_stdout
 .rodata._vfprintf_r.str1.4
                0x0000000020401e84       0x13 /nix/store/60a09h2l89daz4kij06wv31mxs013svf-riscv64-unknown-elf-toolchain-9.2.0-2855d82/lib/gcc/riscv64-unknown-elf/9.2.0/../../../../riscv64-unknown-elf/lib/rv32imac/ilp32/libg_nano.a(lib_a-nano-vfprintf.o)
 *fill*         0x0000000020401e97        0x1 
 .rodata._printf_i.str1.4
                0x0000000020401e98       0x28 /nix/store/60a09h2l89daz4kij06wv31mxs013svf-riscv64-unknown-elf-toolchain-9.2.0-2855d82/lib/gcc/riscv64-unknown-elf/9.2.0/../../../../riscv64-unknown-elf/lib/rv32imac/ilp32/libg_nano.a(lib_a-nano-vfprintf_i.o)
                                         0x25 (size before relaxing)
 .rodata._printf_i
                0x0000000020401ec0       0x58 /nix/store/60a09h2l89daz4kij06wv31mxs013svf-riscv64-unknown-elf-toolchain-9.2.0-2855d82/lib/gcc/riscv64-unknown-elf/9.2.0/../../../../riscv64-unknown-elf/lib/rv32imac/ilp32/libg_nano.a(lib_a-nano-vfprintf_i.o)
 *(.gnu.linkonce.r.*)

.sdata2._global_impure_ptr
                0x0000000020401f18        0x4
 .sdata2._global_impure_ptr
                0x0000000020401f18        0x4 /nix/store/60a09h2l89daz4kij06wv31mxs013svf-riscv64-unknown-elf-toolchain-9.2.0-2855d82/lib/gcc/riscv64-unknown-elf/9.2.0/../../../../riscv64-unknown-elf/lib/rv32imac/ilp32/libg_nano.a(lib_a-impure.o)
                0x0000000020401f18                _global_impure_ptr

.rela.dyn       0x0000000020401f1c        0x0
 .rela.sdata.curbrk.1492
                0x0000000020401f1c        0x0 ./build/app/main.o
 .rela.text.__wrap_sbrk
                0x0000000020401f1c        0x0 ./build/app/main.o
 .rela.text.handle_trap
                0x0000000020401f1c        0x0 ./build/app/main.o
 .rela.text._init
                0x0000000020401f1c        0x0 ./build/app/main.o
 .rela.init     0x0000000020401f1c        0x0 ./build/app/main.o
 .rela.text.exit
                0x0000000020401f1c        0x0 ./build/app/main.o
 .rela.text.__libc_fini_array
                0x0000000020401f1c        0x0 ./build/app/main.o
 .rela.text.__libc_init_array
                0x0000000020401f1c        0x0 ./build/app/main.o
 .rela.text.__register_exitproc
                0x0000000020401f1c        0x0 ./build/app/main.o
 .rela.text._vfprintf_r
                0x0000000020401f1c        0x0 ./build/app/main.o
 .rela.text._sbrk_r
                0x0000000020401f1c        0x0 ./build/app/main.o
 .rela.text._write_r
                0x0000000020401f1c        0x0 ./build/app/main.o
 .rela.text._close_r
                0x0000000020401f1c        0x0 ./build/app/main.o
 .rela.text._lseek_r
                0x0000000020401f1c        0x0 ./build/app/main.o
 .rela.text._read_r
                0x0000000020401f1c        0x0 ./build/app/main.o
 .rela.text._fstat_r
                0x0000000020401f1c        0x0 ./build/app/main.o
 .rela.text._isatty_r
                0x0000000020401f1c        0x0 ./build/app/main.o
                0x0000000020401f1c                . = ALIGN (0x4)

.preinit_array  0x0000000020401f1c        0x0
                0x0000000020401f1c                PROVIDE (__preinit_array_start = .)
 *(.preinit_array)
                0x0000000020401f1c                PROVIDE (__preinit_array_end = .)

.init_array     0x0000000020401f1c        0x0
                0x0000000020401f1c                PROVIDE (__init_array_start = .)
 *(SORT_BY_INIT_PRIORITY(.init_array.*) SORT_BY_INIT_PRIORITY(.ctors.*))
 *(.init_array EXCLUDE_FILE(*crtend?.o *crtend.o *crtbegin?.o *crtbegin.o) .ctors)
                0x0000000020401f1c                PROVIDE (__init_array_end = .)

.fini_array     0x0000000020401f1c        0x0
                0x0000000020401f1c                PROVIDE (__fini_array_start = .)
 *(SORT_BY_INIT_PRIORITY(.fini_array.*) SORT_BY_INIT_PRIORITY(.dtors.*))
 *(.fini_array EXCLUDE_FILE(*crtend?.o *crtend.o *crtbegin?.o *crtbegin.o) .dtors)
                0x0000000020401f1c                PROVIDE (__fini_array_end = .)

.ctors
 *crtbegin.o(.ctors)
 *crtbegin?.o(.ctors)
 *(EXCLUDE_FILE(*crtend?.o *crtend.o) .ctors)
 *(SORT_BY_NAME(.ctors.*))
 *(.ctors)

.dtors
 *crtbegin.o(.dtors)
 *crtbegin?.o(.dtors)
 *(EXCLUDE_FILE(*crtend?.o *crtend.o) .dtors)
 *(SORT_BY_NAME(.dtors.*))
 *(.dtors)

.lalign         0x0000000020401f1c        0x0
                0x0000000020401f1c                . = ALIGN (0x4)
                0x0000000020401f1c                PROVIDE (_data_lma = .)

.dalign         0x0000000080000000        0x0 load address 0x0000000020401f1c
                0x0000000080000000                . = ALIGN (0x4)
                0x0000000080000000                PROVIDE (_data = .)

.data           0x0000000080000000       0x70 load address 0x0000000020401f1c
 *(.data .data.*)
 .data.impure_data
                0x0000000080000000       0x60 /nix/store/60a09h2l89daz4kij06wv31mxs013svf-riscv64-unknown-elf-toolchain-9.2.0-2855d82/lib/gcc/riscv64-unknown-elf/9.2.0/../../../../riscv64-unknown-elf/lib/rv32imac/ilp32/libg_nano.a(lib_a-impure.o)
 *(.gnu.linkonce.d.*)
                0x0000000080000060                . = ALIGN (0x8)
                0x0000000080000860                PROVIDE (__global_pointer$ = (. + 0x800))
 *(.sdata .sdata.*)
 .sdata.secret_stuff
                0x0000000080000060        0x4 ./build/app/test_824.o
 .sdata.safe_stuff
                0x0000000080000064        0x4 ./build/app/test_824.o
 .sdata.curbrk.1492
                0x0000000080000068        0x4 ./build/FreeRTOS/sbrk.o
 .sdata._impure_ptr
                0x000000008000006c        0x4 /nix/store/60a09h2l89daz4kij06wv31mxs013svf-riscv64-unknown-elf-toolchain-9.2.0-2855d82/lib/gcc/riscv64-unknown-elf/9.2.0/../../../../riscv64-unknown-elf/lib/rv32imac/ilp32/libg_nano.a(lib_a-impure.o)
                0x000000008000006c                _impure_ptr
 *(.gnu.linkonce.s.*)
                0x0000000080000070                . = ALIGN (0x8)
 *(.srodata.cst16)
 *(.srodata.cst8)
 *(.srodata.cst4)
 *(.srodata.cst2)
 *(.srodata .srodata.*)
                0x0000000080000070                . = ALIGN (0x4)
                0x0000000080000070                PROVIDE (_edata = .)
                [!provide]                        PROVIDE (edata = .)
                [!provide]                        PROVIDE (_fbss = .)
                0x0000000080000070                PROVIDE (__bss_start = .)

.bss            0x0000000080000070       0xa0
 *(.sbss*)
 .sbss.cpu_freq.2886
                0x0000000080000070        0x4 ./build/FreeRTOS/init.o
 .sbss._global_atexit
                0x0000000080000074        0x4 /nix/store/60a09h2l89daz4kij06wv31mxs013svf-riscv64-unknown-elf-toolchain-9.2.0-2855d82/lib/gcc/riscv64-unknown-elf/9.2.0/../../../../riscv64-unknown-elf/lib/rv32imac/ilp32/libg_nano.a(lib_a-__call_atexit.o)
                0x0000000080000074                _global_atexit
 .sbss.__malloc_free_list
                0x0000000080000078        0x4 /nix/store/60a09h2l89daz4kij06wv31mxs013svf-riscv64-unknown-elf-toolchain-9.2.0-2855d82/lib/gcc/riscv64-unknown-elf/9.2.0/../../../../riscv64-unknown-elf/lib/rv32imac/ilp32/libg_nano.a(lib_a-nano-mallocr.o)
                0x0000000080000078                __malloc_free_list
 .sbss.__malloc_sbrk_start
                0x000000008000007c        0x4 /nix/store/60a09h2l89daz4kij06wv31mxs013svf-riscv64-unknown-elf-toolchain-9.2.0-2855d82/lib/gcc/riscv64-unknown-elf/9.2.0/../../../../riscv64-unknown-elf/lib/rv32imac/ilp32/libg_nano.a(lib_a-nano-mallocr.o)
                0x000000008000007c                __malloc_sbrk_start
 *(.gnu.linkonce.sb.*)
 *(.bss .bss.*)
 .bss._global_atexit0
                0x0000000080000080       0x8c /nix/store/60a09h2l89daz4kij06wv31mxs013svf-riscv64-unknown-elf-toolchain-9.2.0-2855d82/lib/gcc/riscv64-unknown-elf/9.2.0/../../../../riscv64-unknown-elf/lib/rv32imac/ilp32/libg_nano.a(lib_a-__atexit.o)
 *(.gnu.linkonce.b.*)
 *(COMMON)
 COMMON         0x000000008000010c        0x4 /nix/store/60a09h2l89daz4kij06wv31mxs013svf-riscv64-unknown-elf-toolchain-9.2.0-2855d82/lib/gcc/riscv64-unknown-elf/9.2.0/../../../../riscv64-unknown-elf/lib/rv32imac/ilp32/libg_nano.a(lib_a-reent.o)
                0x000000008000010c                errno
                0x0000000080000110                . = ALIGN (0x4)
                0x0000000080000110                . = ALIGN (0x8)
                0x0000000080000110                PROVIDE (_end = .)
                [!provide]                        PROVIDE (end = .)

.stack          0x0000000080003c00      0x400 load address 0x0000000080000110
                0x0000000080003c00                PROVIDE (_heap_end = .)
                0x0000000000000400                . = __stack_size
 *fill*         0x0000000080003c00      0x400 
                0x0000000080004000                PROVIDE (_sp = .)
                0x0000000080004000                __freertos_irq_stack_top = .
OUTPUT(build/FreeRTOS-main_testgen.elf elf32-littleriscv)

.debug_info     0x0000000000000000     0x5b03
 .debug_info    0x0000000000000000      0x15f ./build/app/main.o
 .debug_info    0x000000000000015f      0xa30 ./build/app/test_824.o
 .debug_info    0x0000000000000b8f      0x97a ./build/app/main_test_824.o
 .debug_info    0x0000000000001509      0x121 ./build/FreeRTOS/_exit.o
 .debug_info    0x000000000000162a      0x996 ./build/FreeRTOS/close.o
 .debug_info    0x0000000000001fc0      0xc23 ./build/FreeRTOS/fstat.o
 .debug_info    0x0000000000002be3       0xf7 ./build/FreeRTOS/isatty.o
 .debug_info    0x0000000000002cda      0xa1a ./build/FreeRTOS/lseek.o
 .debug_info    0x00000000000036f4      0xaa2 ./build/FreeRTOS/read.o
 .debug_info    0x0000000000004196       0xf1 ./build/FreeRTOS/sbrk.o
 .debug_info    0x0000000000004287      0xa83 ./build/FreeRTOS/write.o
 .debug_info    0x0000000000004d0a      0x15e ./build/FreeRTOS/write_hex.o
 .debug_info    0x0000000000004e68      0xc4f ./build/FreeRTOS/init.o
 .debug_info    0x0000000000005ab7       0x26 ./build/FreeRTOS/entry.o
 .debug_info    0x0000000000005add       0x26 ./build/FreeRTOS/start.o

.debug_abbrev   0x0000000000000000     0x150a
 .debug_abbrev  0x0000000000000000       0xc9 ./build/app/main.o
 .debug_abbrev  0x00000000000000c9      0x258 ./build/app/test_824.o
 .debug_abbrev  0x0000000000000321      0x1d2 ./build/app/main_test_824.o
 .debug_abbrev  0x00000000000004f3       0xa0 ./build/FreeRTOS/_exit.o
 .debug_abbrev  0x0000000000000593      0x206 ./build/FreeRTOS/close.o
 .debug_abbrev  0x0000000000000799      0x206 ./build/FreeRTOS/fstat.o
 .debug_abbrev  0x000000000000099f       0x76 ./build/FreeRTOS/isatty.o
 .debug_abbrev  0x0000000000000a15      0x206 ./build/FreeRTOS/lseek.o
 .debug_abbrev  0x0000000000000c1b      0x21e ./build/FreeRTOS/read.o
 .debug_abbrev  0x0000000000000e39       0xad ./build/FreeRTOS/sbrk.o
 .debug_abbrev  0x0000000000000ee6      0x236 ./build/FreeRTOS/write.o
 .debug_abbrev  0x000000000000111c       0xae ./build/FreeRTOS/write_hex.o
 .debug_abbrev  0x00000000000011ca      0x318 ./build/FreeRTOS/init.o
 .debug_abbrev  0x00000000000014e2       0x14 ./build/FreeRTOS/entry.o
 .debug_abbrev  0x00000000000014f6       0x14 ./build/FreeRTOS/start.o

.debug_aranges  0x0000000000000000      0x2b8
 .debug_aranges
                0x0000000000000000       0x48 ./build/app/main.o
 .debug_aranges
                0x0000000000000048       0x50 ./build/app/test_824.o
 .debug_aranges
                0x0000000000000098       0x20 ./build/app/main_test_824.o
 .debug_aranges
                0x00000000000000b8       0x20 ./build/FreeRTOS/_exit.o
 .debug_aranges
                0x00000000000000d8       0x28 ./build/FreeRTOS/close.o
 .debug_aranges
                0x0000000000000100       0x28 ./build/FreeRTOS/fstat.o
 .debug_aranges
                0x0000000000000128       0x20 ./build/FreeRTOS/isatty.o
 .debug_aranges
                0x0000000000000148       0x28 ./build/FreeRTOS/lseek.o
 .debug_aranges
                0x0000000000000170       0x28 ./build/FreeRTOS/read.o
 .debug_aranges
                0x0000000000000198       0x20 ./build/FreeRTOS/sbrk.o
 .debug_aranges
                0x00000000000001b8       0x28 ./build/FreeRTOS/write.o
 .debug_aranges
                0x00000000000001e0       0x20 ./build/FreeRTOS/write_hex.o
 .debug_aranges
                0x0000000000000200       0x78 ./build/FreeRTOS/init.o
 .debug_aranges
                0x0000000000000278       0x20 ./build/FreeRTOS/entry.o
 .debug_aranges
                0x0000000000000298       0x20 ./build/FreeRTOS/start.o

.debug_ranges   0x0000000000000000      0x1a8
 .debug_ranges  0x0000000000000000       0x38 ./build/app/main.o
 .debug_ranges  0x0000000000000038       0x40 ./build/app/test_824.o
 .debug_ranges  0x0000000000000078       0x10 ./build/app/main_test_824.o
 .debug_ranges  0x0000000000000088       0x10 ./build/FreeRTOS/_exit.o
 .debug_ranges  0x0000000000000098       0x18 ./build/FreeRTOS/close.o
 .debug_ranges  0x00000000000000b0       0x18 ./build/FreeRTOS/fstat.o
 .debug_ranges  0x00000000000000c8       0x10 ./build/FreeRTOS/isatty.o
 .debug_ranges  0x00000000000000d8       0x18 ./build/FreeRTOS/lseek.o
 .debug_ranges  0x00000000000000f0       0x18 ./build/FreeRTOS/read.o
 .debug_ranges  0x0000000000000108       0x10 ./build/FreeRTOS/sbrk.o
 .debug_ranges  0x0000000000000118       0x18 ./build/FreeRTOS/write.o
 .debug_ranges  0x0000000000000130       0x10 ./build/FreeRTOS/write_hex.o
 .debug_ranges  0x0000000000000140       0x68 ./build/FreeRTOS/init.o

.debug_macro    0x0000000000000000     0x61c4
 .debug_macro   0x0000000000000000      0x160 ./build/app/main.o
 .debug_macro   0x0000000000000160      0x778 ./build/app/main.o
 .debug_macro   0x00000000000008d8       0x22 ./build/app/main.o
 .debug_macro   0x00000000000008fa       0x8e ./build/app/main.o
 .debug_macro   0x0000000000000988       0x51 ./build/app/main.o
 .debug_macro   0x00000000000009d9      0x174 ./build/app/main.o
 .debug_macro   0x0000000000000b4d      0x339 ./build/app/main.o
 .debug_macro   0x0000000000000e86      0x103 ./build/app/main.o
 .debug_macro   0x0000000000000f89       0x6a ./build/app/main.o
 .debug_macro   0x0000000000000ff3      0x1df ./build/app/main.o
 .debug_macro   0x00000000000011d2       0x16 ./build/app/main.o
 .debug_macro   0x00000000000011e8       0x22 ./build/app/main.o
 .debug_macro   0x000000000000120a      0x1a2 ./build/app/main.o
 .debug_macro   0x00000000000013ac       0x2e ./build/app/main.o
 .debug_macro   0x00000000000013da       0x70 ./build/app/main.o
 .debug_macro   0x000000000000144a       0x5e ./build/app/main.o
 .debug_macro   0x00000000000014a8       0x5e ./build/app/main.o
 .debug_macro   0x0000000000001506       0xe2 ./build/app/main.o
 .debug_macro   0x00000000000015e8       0xa0 ./build/app/main.o
 .debug_macro   0x0000000000001688      0x130 ./build/app/main.o
 .debug_macro   0x00000000000017b8       0x58 ./build/app/main.o
 .debug_macro   0x0000000000001810      0x1f0 ./build/app/main.o
 .debug_macro   0x0000000000001a00       0xd0 ./build/app/main.o
 .debug_macro   0x0000000000001ad0      0x140 ./build/app/main.o
 .debug_macro   0x0000000000001c10      0x15a ./build/app/main.o
 .debug_macro   0x0000000000001d6a       0xb2 ./build/app/main.o
 .debug_macro   0x0000000000001e1c       0x1c ./build/app/main.o
 .debug_macro   0x0000000000001e38       0x26 ./build/app/main.o
 .debug_macro   0x0000000000001e5e      0x4cc ./build/app/main.o
 .debug_macro   0x000000000000232a       0xb5 ./build/app/main.o
 .debug_macro   0x00000000000023df       0xaa ./build/app/main.o
 .debug_macro   0x0000000000002489      0x22c ./build/app/test_824.o
 .debug_macro   0x00000000000026b5       0x52 ./build/app/test_824.o
 .debug_macro   0x0000000000002707       0x19 ./build/app/test_824.o
 .debug_macro   0x0000000000002720       0x34 ./build/app/test_824.o
 .debug_macro   0x0000000000002754       0x34 ./build/app/test_824.o
 .debug_macro   0x0000000000002788       0x16 ./build/app/test_824.o
 .debug_macro   0x000000000000279e       0x35 ./build/app/test_824.o
 .debug_macro   0x00000000000027d3       0x10 ./build/app/test_824.o
 .debug_macro   0x00000000000027e3       0x16 ./build/app/test_824.o
 .debug_macro   0x00000000000027f9       0x43 ./build/app/test_824.o
 .debug_macro   0x000000000000283c       0x34 ./build/app/test_824.o
 .debug_macro   0x0000000000002870       0x10 ./build/app/test_824.o
 .debug_macro   0x0000000000002880       0x52 ./build/app/test_824.o
 .debug_macro   0x00000000000028d2      0x182 ./build/app/test_824.o
 .debug_macro   0x0000000000002a54       0x10 ./build/app/test_824.o
 .debug_macro   0x0000000000002a64       0x1c ./build/app/test_824.o
 .debug_macro   0x0000000000002a80       0x52 ./build/app/test_824.o
 .debug_macro   0x0000000000002ad2       0x40 ./build/app/test_824.o
 .debug_macro   0x0000000000002b12       0x10 ./build/app/test_824.o
 .debug_macro   0x0000000000002b22       0x40 ./build/app/test_824.o
 .debug_macro   0x0000000000002b62       0xd5 ./build/app/test_824.o
 .debug_macro   0x0000000000002c37       0x1c ./build/app/test_824.o
 .debug_macro   0x0000000000002c53       0x3d ./build/app/test_824.o
 .debug_macro   0x0000000000002c90       0x16 ./build/app/test_824.o
 .debug_macro   0x0000000000002ca6      0x16f ./build/app/test_824.o
 .debug_macro   0x0000000000002e15       0x16 ./build/app/test_824.o
 .debug_macro   0x0000000000002e2b       0x16 ./build/app/test_824.o
 .debug_macro   0x0000000000002e41       0x29 ./build/app/test_824.o
 .debug_macro   0x0000000000002e6a       0x16 ./build/app/test_824.o
 .debug_macro   0x0000000000002e80       0x10 ./build/app/test_824.o
 .debug_macro   0x0000000000002e90      0x1e8 ./build/app/main_test_824.o
 .debug_macro   0x0000000000003078       0x16 ./build/app/main_test_824.o
 .debug_macro   0x000000000000308e      0x51a ./build/app/main_test_824.o
 .debug_macro   0x00000000000035a8      0x1f3 ./build/FreeRTOS/_exit.o
 .debug_macro   0x000000000000379b       0x10 ./build/FreeRTOS/_exit.o
 .debug_macro   0x00000000000037ab      0x1de ./build/FreeRTOS/_exit.o
 .debug_macro   0x0000000000003989       0x16 ./build/FreeRTOS/_exit.o
 .debug_macro   0x000000000000399f       0x10 ./build/FreeRTOS/_exit.o
 .debug_macro   0x00000000000039af       0xed ./build/FreeRTOS/close.o
 .debug_macro   0x0000000000003a9c       0x10 ./build/FreeRTOS/close.o
 .debug_macro   0x0000000000003aac      0x23b ./build/FreeRTOS/close.o
 .debug_macro   0x0000000000003ce7      0x1e5 ./build/FreeRTOS/fstat.o
 .debug_macro   0x0000000000003ecc       0x10 ./build/FreeRTOS/fstat.o
 .debug_macro   0x0000000000003edc       0x10 ./build/FreeRTOS/fstat.o
 .debug_macro   0x0000000000003eec       0x10 ./build/FreeRTOS/fstat.o
 .debug_macro   0x0000000000003efc       0x35 ./build/FreeRTOS/fstat.o
 .debug_macro   0x0000000000003f31      0x122 ./build/FreeRTOS/fstat.o
 .debug_macro   0x0000000000004053      0x15b ./build/FreeRTOS/isatty.o
 .debug_macro   0x00000000000041ae      0x19d ./build/FreeRTOS/lseek.o
 .debug_macro   0x000000000000434b      0x230 ./build/FreeRTOS/read.o
 .debug_macro   0x000000000000457b       0x5d ./build/FreeRTOS/sbrk.o
 .debug_macro   0x00000000000045d8      0x230 ./build/FreeRTOS/write.o
 .debug_macro   0x0000000000004808      0x1e5 ./build/FreeRTOS/write_hex.o
 .debug_macro   0x00000000000049ed      0x253 ./build/FreeRTOS/init.o
 .debug_macro   0x0000000000004c40     0x1584 ./build/FreeRTOS/init.o

.debug_line     0x0000000000000000     0x4394
 .debug_line    0x0000000000000000      0x542 ./build/app/main.o
 .debug_line    0x0000000000000542      0x5a3 ./build/app/test_824.o
 .debug_line    0x0000000000000ae5      0x43e ./build/app/main_test_824.o
 .debug_line    0x0000000000000f23      0x4ea ./build/FreeRTOS/_exit.o
 .debug_line    0x000000000000140d      0x350 ./build/FreeRTOS/close.o
 .debug_line    0x000000000000175d      0x453 ./build/FreeRTOS/fstat.o
 .debug_line    0x0000000000001bb0      0x3cc ./build/FreeRTOS/isatty.o
 .debug_line    0x0000000000001f7c      0x420 ./build/FreeRTOS/lseek.o
 .debug_line    0x000000000000239c      0x5bc ./build/FreeRTOS/read.o
 .debug_line    0x0000000000002958      0x2e9 ./build/FreeRTOS/sbrk.o
 .debug_line    0x0000000000002c41      0x5ed ./build/FreeRTOS/write.o
 .debug_line    0x000000000000322e      0x555 ./build/FreeRTOS/write_hex.o
 .debug_line    0x0000000000003783      0x927 ./build/FreeRTOS/init.o
 .debug_line    0x00000000000040aa      0x1fc ./build/FreeRTOS/entry.o
 .debug_line    0x00000000000042a6       0xee ./build/FreeRTOS/start.o

.debug_str      0x0000000000000000    0x13968
 .debug_str     0x0000000000000000     0xaa5e ./build/app/main.o
                                       0xac4f (size before relaxing)
 .debug_str     0x000000000000aa5e     0x2a32 ./build/app/test_824.o
                                       0x763c (size before relaxing)
 .debug_str     0x000000000000d490     0x102a ./build/app/main_test_824.o
                                       0x7ac0 (size before relaxing)
 .debug_str     0x000000000000e4ba       0xd5 ./build/FreeRTOS/_exit.o
                                       0x8ecc (size before relaxing)
 .debug_str     0x000000000000e58f      0x349 ./build/FreeRTOS/close.o
                                       0x5bf7 (size before relaxing)
 .debug_str     0x000000000000e8d8      0x64b ./build/FreeRTOS/fstat.o
                                       0x7f79 (size before relaxing)
 .debug_str     0x000000000000ef23       0x33 ./build/FreeRTOS/isatty.o
                                       0x61c6 (size before relaxing)
 .debug_str     0x000000000000ef56       0x31 ./build/FreeRTOS/lseek.o
                                       0x78e8 (size before relaxing)
 .debug_str     0x000000000000ef87       0x55 ./build/FreeRTOS/read.o
                                       0xa62c (size before relaxing)
 .debug_str     0x000000000000efdc       0x45 ./build/FreeRTOS/sbrk.o
                                       0x4145 (size before relaxing)
 .debug_str     0x000000000000f021       0x31 ./build/FreeRTOS/write.o
                                       0xa613 (size before relaxing)
 .debug_str     0x000000000000f052       0x41 ./build/FreeRTOS/write_hex.o
                                       0x8e4a (size before relaxing)
 .debug_str     0x000000000000f093     0x4891 ./build/FreeRTOS/init.o
                                       0xeff3 (size before relaxing)
 .debug_str     0x0000000000013924       0x28 ./build/FreeRTOS/entry.o
                                         0x7b (size before relaxing)
 .debug_str     0x000000000001394c       0x1c ./build/FreeRTOS/start.o
                                         0x7b (size before relaxing)

.comment        0x0000000000000000       0x11
 .comment       0x0000000000000000       0x11 ./build/app/main.o
                                         0x12 (size before relaxing)
 .comment       0x0000000000000011       0x12 ./build/app/test_824.o
 .comment       0x0000000000000011       0x12 ./build/app/main_test_824.o
 .comment       0x0000000000000011       0x12 ./build/FreeRTOS/_exit.o
 .comment       0x0000000000000011       0x12 ./build/FreeRTOS/close.o
 .comment       0x0000000000000011       0x12 ./build/FreeRTOS/fstat.o
 .comment       0x0000000000000011       0x12 ./build/FreeRTOS/isatty.o
 .comment       0x0000000000000011       0x12 ./build/FreeRTOS/lseek.o
 .comment       0x0000000000000011       0x12 ./build/FreeRTOS/read.o
 .comment       0x0000000000000011       0x12 ./build/FreeRTOS/sbrk.o
 .comment       0x0000000000000011       0x12 ./build/FreeRTOS/write.o
 .comment       0x0000000000000011       0x12 ./build/FreeRTOS/write_hex.o
 .comment       0x0000000000000011       0x12 ./build/FreeRTOS/init.o
 .comment       0x0000000000000011       0x12 /nix/store/60a09h2l89daz4kij06wv31mxs013svf-riscv64-unknown-elf-toolchain-9.2.0-2855d82/lib/gcc/riscv64-unknown-elf/9.2.0/../../../../riscv64-unknown-elf/lib/rv32imac/ilp32/libg_nano.a(lib_a-atexit.o)
 .comment       0x0000000000000011       0x12 /nix/store/60a09h2l89daz4kij06wv31mxs013svf-riscv64-unknown-elf-toolchain-9.2.0-2855d82/lib/gcc/riscv64-unknown-elf/9.2.0/../../../../riscv64-unknown-elf/lib/rv32imac/ilp32/libg_nano.a(lib_a-exit.o)
 .comment       0x0000000000000011       0x12 /nix/store/60a09h2l89daz4kij06wv31mxs013svf-riscv64-unknown-elf-toolchain-9.2.0-2855d82/lib/gcc/riscv64-unknown-elf/9.2.0/../../../../riscv64-unknown-elf/lib/rv32imac/ilp32/libg_nano.a(lib_a-fini.o)
 .comment       0x0000000000000011       0x12 /nix/store/60a09h2l89daz4kij06wv31mxs013svf-riscv64-unknown-elf-toolchain-9.2.0-2855d82/lib/gcc/riscv64-unknown-elf/9.2.0/../../../../riscv64-unknown-elf/lib/rv32imac/ilp32/libg_nano.a(lib_a-impure.o)
 .comment       0x0000000000000011       0x12 /nix/store/60a09h2l89daz4kij06wv31mxs013svf-riscv64-unknown-elf-toolchain-9.2.0-2855d82/lib/gcc/riscv64-unknown-elf/9.2.0/../../../../riscv64-unknown-elf/lib/rv32imac/ilp32/libg_nano.a(lib_a-init.o)
 .comment       0x0000000000000011       0x12 /nix/store/60a09h2l89daz4kij06wv31mxs013svf-riscv64-unknown-elf-toolchain-9.2.0-2855d82/lib/gcc/riscv64-unknown-elf/9.2.0/../../../../riscv64-unknown-elf/lib/rv32imac/ilp32/libg_nano.a(lib_a-printf.o)
 .comment       0x0000000000000011       0x12 /nix/store/60a09h2l89daz4kij06wv31mxs013svf-riscv64-unknown-elf-toolchain-9.2.0-2855d82/lib/gcc/riscv64-unknown-elf/9.2.0/../../../../riscv64-unknown-elf/lib/rv32imac/ilp32/libg_nano.a(lib_a-__atexit.o)
 .comment       0x0000000000000011       0x12 /nix/store/60a09h2l89daz4kij06wv31mxs013svf-riscv64-unknown-elf-toolchain-9.2.0-2855d82/lib/gcc/riscv64-unknown-elf/9.2.0/../../../../riscv64-unknown-elf/lib/rv32imac/ilp32/libg_nano.a(lib_a-__call_atexit.o)
 .comment       0x0000000000000011       0x12 /nix/store/60a09h2l89daz4kij06wv31mxs013svf-riscv64-unknown-elf-toolchain-9.2.0-2855d82/lib/gcc/riscv64-unknown-elf/9.2.0/../../../../riscv64-unknown-elf/lib/rv32imac/ilp32/libg_nano.a(lib_a-findfp.o)
 .comment       0x0000000000000011       0x12 /nix/store/60a09h2l89daz4kij06wv31mxs013svf-riscv64-unknown-elf-toolchain-9.2.0-2855d82/lib/gcc/riscv64-unknown-elf/9.2.0/../../../../riscv64-unknown-elf/lib/rv32imac/ilp32/libg_nano.a(lib_a-fwalk.o)
 .comment       0x0000000000000011       0x12 /nix/store/60a09h2l89daz4kij06wv31mxs013svf-riscv64-unknown-elf-toolchain-9.2.0-2855d82/lib/gcc/riscv64-unknown-elf/9.2.0/../../../../riscv64-unknown-elf/lib/rv32imac/ilp32/libg_nano.a(lib_a-nano-mallocr.o)
 .comment       0x0000000000000011       0x12 /nix/store/60a09h2l89daz4kij06wv31mxs013svf-riscv64-unknown-elf-toolchain-9.2.0-2855d82/lib/gcc/riscv64-unknown-elf/9.2.0/../../../../riscv64-unknown-elf/lib/rv32imac/ilp32/libg_nano.a(lib_a-nano-vfprintf.o)
 .comment       0x0000000000000011       0x12 /nix/store/60a09h2l89daz4kij06wv31mxs013svf-riscv64-unknown-elf-toolchain-9.2.0-2855d82/lib/gcc/riscv64-unknown-elf/9.2.0/../../../../riscv64-unknown-elf/lib/rv32imac/ilp32/libg_nano.a(lib_a-nano-vfprintf_i.o)
 .comment       0x0000000000000011       0x12 /nix/store/60a09h2l89daz4kij06wv31mxs013svf-riscv64-unknown-elf-toolchain-9.2.0-2855d82/lib/gcc/riscv64-unknown-elf/9.2.0/../../../../riscv64-unknown-elf/lib/rv32imac/ilp32/libg_nano.a(lib_a-sbrkr.o)
 .comment       0x0000000000000011       0x12 /nix/store/60a09h2l89daz4kij06wv31mxs013svf-riscv64-unknown-elf-toolchain-9.2.0-2855d82/lib/gcc/riscv64-unknown-elf/9.2.0/../../../../riscv64-unknown-elf/lib/rv32imac/ilp32/libg_nano.a(lib_a-stdio.o)
 .comment       0x0000000000000011       0x12 /nix/store/60a09h2l89daz4kij06wv31mxs013svf-riscv64-unknown-elf-toolchain-9.2.0-2855d82/lib/gcc/riscv64-unknown-elf/9.2.0/../../../../riscv64-unknown-elf/lib/rv32imac/ilp32/libg_nano.a(lib_a-wbuf.o)
 .comment       0x0000000000000011       0x12 /nix/store/60a09h2l89daz4kij06wv31mxs013svf-riscv64-unknown-elf-toolchain-9.2.0-2855d82/lib/gcc/riscv64-unknown-elf/9.2.0/../../../../riscv64-unknown-elf/lib/rv32imac/ilp32/libg_nano.a(lib_a-writer.o)
 .comment       0x0000000000000011       0x12 /nix/store/60a09h2l89daz4kij06wv31mxs013svf-riscv64-unknown-elf-toolchain-9.2.0-2855d82/lib/gcc/riscv64-unknown-elf/9.2.0/../../../../riscv64-unknown-elf/lib/rv32imac/ilp32/libg_nano.a(lib_a-wsetup.o)
 .comment       0x0000000000000011       0x12 /nix/store/60a09h2l89daz4kij06wv31mxs013svf-riscv64-unknown-elf-toolchain-9.2.0-2855d82/lib/gcc/riscv64-unknown-elf/9.2.0/../../../../riscv64-unknown-elf/lib/rv32imac/ilp32/libg_nano.a(lib_a-closer.o)
 .comment       0x0000000000000011       0x12 /nix/store/60a09h2l89daz4kij06wv31mxs013svf-riscv64-unknown-elf-toolchain-9.2.0-2855d82/lib/gcc/riscv64-unknown-elf/9.2.0/../../../../riscv64-unknown-elf/lib/rv32imac/ilp32/libg_nano.a(lib_a-fflush.o)
 .comment       0x0000000000000011       0x12 /nix/store/60a09h2l89daz4kij06wv31mxs013svf-riscv64-unknown-elf-toolchain-9.2.0-2855d82/lib/gcc/riscv64-unknown-elf/9.2.0/../../../../riscv64-unknown-elf/lib/rv32imac/ilp32/libg_nano.a(lib_a-lseekr.o)
 .comment       0x0000000000000011       0x12 /nix/store/60a09h2l89daz4kij06wv31mxs013svf-riscv64-unknown-elf-toolchain-9.2.0-2855d82/lib/gcc/riscv64-unknown-elf/9.2.0/../../../../riscv64-unknown-elf/lib/rv32imac/ilp32/libg_nano.a(lib_a-makebuf.o)
 .comment       0x0000000000000011       0x12 /nix/store/60a09h2l89daz4kij06wv31mxs013svf-riscv64-unknown-elf-toolchain-9.2.0-2855d82/lib/gcc/riscv64-unknown-elf/9.2.0/../../../../riscv64-unknown-elf/lib/rv32imac/ilp32/libg_nano.a(lib_a-memchr.o)
 .comment       0x0000000000000011       0x12 /nix/store/60a09h2l89daz4kij06wv31mxs013svf-riscv64-unknown-elf-toolchain-9.2.0-2855d82/lib/gcc/riscv64-unknown-elf/9.2.0/../../../../riscv64-unknown-elf/lib/rv32imac/ilp32/libg_nano.a(lib_a-mlock.o)
 .comment       0x0000000000000011       0x12 /nix/store/60a09h2l89daz4kij06wv31mxs013svf-riscv64-unknown-elf-toolchain-9.2.0-2855d82/lib/gcc/riscv64-unknown-elf/9.2.0/../../../../riscv64-unknown-elf/lib/rv32imac/ilp32/libg_nano.a(lib_a-nano-freer.o)
 .comment       0x0000000000000011       0x12 /nix/store/60a09h2l89daz4kij06wv31mxs013svf-riscv64-unknown-elf-toolchain-9.2.0-2855d82/lib/gcc/riscv64-unknown-elf/9.2.0/../../../../riscv64-unknown-elf/lib/rv32imac/ilp32/libg_nano.a(lib_a-readr.o)
 .comment       0x0000000000000011       0x12 /nix/store/60a09h2l89daz4kij06wv31mxs013svf-riscv64-unknown-elf-toolchain-9.2.0-2855d82/lib/gcc/riscv64-unknown-elf/9.2.0/../../../../riscv64-unknown-elf/lib/rv32imac/ilp32/libg_nano.a(lib_a-reent.o)
 .comment       0x0000000000000011       0x12 /nix/store/60a09h2l89daz4kij06wv31mxs013svf-riscv64-unknown-elf-toolchain-9.2.0-2855d82/lib/gcc/riscv64-unknown-elf/9.2.0/../../../../riscv64-unknown-elf/lib/rv32imac/ilp32/libg_nano.a(lib_a-fstatr.o)
 .comment       0x0000000000000011       0x12 /nix/store/60a09h2l89daz4kij06wv31mxs013svf-riscv64-unknown-elf-toolchain-9.2.0-2855d82/lib/gcc/riscv64-unknown-elf/9.2.0/../../../../riscv64-unknown-elf/lib/rv32imac/ilp32/libg_nano.a(lib_a-isattyr.o)

.riscv.attributes
                0x0000000000000000       0x2b
 .riscv.attributes
                0x0000000000000000       0x2b ./build/app/main.o
 .riscv.attributes
                0x000000000000002b       0x2b ./build/app/test_824.o
 .riscv.attributes
                0x0000000000000056       0x2b ./build/app/main_test_824.o
 .riscv.attributes
                0x0000000000000081       0x2b ./build/FreeRTOS/_exit.o
 .riscv.attributes
                0x00000000000000ac       0x2b ./build/FreeRTOS/close.o
 .riscv.attributes
                0x00000000000000d7       0x2b ./build/FreeRTOS/fstat.o
 .riscv.attributes
                0x0000000000000102       0x2b ./build/FreeRTOS/isatty.o
 .riscv.attributes
                0x000000000000012d       0x2b ./build/FreeRTOS/lseek.o
 .riscv.attributes
                0x0000000000000158       0x2b ./build/FreeRTOS/read.o
 .riscv.attributes
                0x0000000000000183       0x2b ./build/FreeRTOS/sbrk.o
 .riscv.attributes
                0x00000000000001ae       0x2b ./build/FreeRTOS/write.o
 .riscv.attributes
                0x00000000000001d9       0x2b ./build/FreeRTOS/write_hex.o
 .riscv.attributes
                0x0000000000000204       0x2b ./build/FreeRTOS/init.o
 .riscv.attributes
                0x000000000000022f       0x29 ./build/FreeRTOS/entry.o
 .riscv.attributes
                0x0000000000000258       0x29 ./build/FreeRTOS/start.o
 .riscv.attributes
                0x0000000000000281       0x2b /nix/store/60a09h2l89daz4kij06wv31mxs013svf-riscv64-unknown-elf-toolchain-9.2.0-2855d82/lib/gcc/riscv64-unknown-elf/9.2.0/../../../../riscv64-unknown-elf/lib/rv32imac/ilp32/libg_nano.a(lib_a-atexit.o)
 .riscv.attributes
                0x00000000000002ac       0x2b /nix/store/60a09h2l89daz4kij06wv31mxs013svf-riscv64-unknown-elf-toolchain-9.2.0-2855d82/lib/gcc/riscv64-unknown-elf/9.2.0/../../../../riscv64-unknown-elf/lib/rv32imac/ilp32/libg_nano.a(lib_a-exit.o)
 .riscv.attributes
                0x00000000000002d7       0x2b /nix/store/60a09h2l89daz4kij06wv31mxs013svf-riscv64-unknown-elf-toolchain-9.2.0-2855d82/lib/gcc/riscv64-unknown-elf/9.2.0/../../../../riscv64-unknown-elf/lib/rv32imac/ilp32/libg_nano.a(lib_a-fini.o)
 .riscv.attributes
                0x0000000000000302       0x2b /nix/store/60a09h2l89daz4kij06wv31mxs013svf-riscv64-unknown-elf-toolchain-9.2.0-2855d82/lib/gcc/riscv64-unknown-elf/9.2.0/../../../../riscv64-unknown-elf/lib/rv32imac/ilp32/libg_nano.a(lib_a-impure.o)
 .riscv.attributes
                0x000000000000032d       0x2b /nix/store/60a09h2l89daz4kij06wv31mxs013svf-riscv64-unknown-elf-toolchain-9.2.0-2855d82/lib/gcc/riscv64-unknown-elf/9.2.0/../../../../riscv64-unknown-elf/lib/rv32imac/ilp32/libg_nano.a(lib_a-init.o)
 .riscv.attributes
                0x0000000000000358       0x29 /nix/store/60a09h2l89daz4kij06wv31mxs013svf-riscv64-unknown-elf-toolchain-9.2.0-2855d82/lib/gcc/riscv64-unknown-elf/9.2.0/../../../../riscv64-unknown-elf/lib/rv32imac/ilp32/libg_nano.a(lib_a-memset.o)
 .riscv.attributes
                0x0000000000000381       0x2b /nix/store/60a09h2l89daz4kij06wv31mxs013svf-riscv64-unknown-elf-toolchain-9.2.0-2855d82/lib/gcc/riscv64-unknown-elf/9.2.0/../../../../riscv64-unknown-elf/lib/rv32imac/ilp32/libg_nano.a(lib_a-printf.o)
 .riscv.attributes
                0x00000000000003ac       0x2b /nix/store/60a09h2l89daz4kij06wv31mxs013svf-riscv64-unknown-elf-toolchain-9.2.0-2855d82/lib/gcc/riscv64-unknown-elf/9.2.0/../../../../riscv64-unknown-elf/lib/rv32imac/ilp32/libg_nano.a(lib_a-__atexit.o)
 .riscv.attributes
                0x00000000000003d7       0x2b /nix/store/60a09h2l89daz4kij06wv31mxs013svf-riscv64-unknown-elf-toolchain-9.2.0-2855d82/lib/gcc/riscv64-unknown-elf/9.2.0/../../../../riscv64-unknown-elf/lib/rv32imac/ilp32/libg_nano.a(lib_a-__call_atexit.o)
 .riscv.attributes
                0x0000000000000402       0x2b /nix/store/60a09h2l89daz4kij06wv31mxs013svf-riscv64-unknown-elf-toolchain-9.2.0-2855d82/lib/gcc/riscv64-unknown-elf/9.2.0/../../../../riscv64-unknown-elf/lib/rv32imac/ilp32/libg_nano.a(lib_a-findfp.o)
 .riscv.attributes
                0x000000000000042d       0x2b /nix/store/60a09h2l89daz4kij06wv31mxs013svf-riscv64-unknown-elf-toolchain-9.2.0-2855d82/lib/gcc/riscv64-unknown-elf/9.2.0/../../../../riscv64-unknown-elf/lib/rv32imac/ilp32/libg_nano.a(lib_a-fwalk.o)
 .riscv.attributes
                0x0000000000000458       0x2b /nix/store/60a09h2l89daz4kij06wv31mxs013svf-riscv64-unknown-elf-toolchain-9.2.0-2855d82/lib/gcc/riscv64-unknown-elf/9.2.0/../../../../riscv64-unknown-elf/lib/rv32imac/ilp32/libg_nano.a(lib_a-nano-mallocr.o)
 .riscv.attributes
                0x0000000000000483       0x2b /nix/store/60a09h2l89daz4kij06wv31mxs013svf-riscv64-unknown-elf-toolchain-9.2.0-2855d82/lib/gcc/riscv64-unknown-elf/9.2.0/../../../../riscv64-unknown-elf/lib/rv32imac/ilp32/libg_nano.a(lib_a-nano-vfprintf.o)
 .riscv.attributes
                0x00000000000004ae       0x2b /nix/store/60a09h2l89daz4kij06wv31mxs013svf-riscv64-unknown-elf-toolchain-9.2.0-2855d82/lib/gcc/riscv64-unknown-elf/9.2.0/../../../../riscv64-unknown-elf/lib/rv32imac/ilp32/libg_nano.a(lib_a-nano-vfprintf_i.o)
 .riscv.attributes
                0x00000000000004d9       0x2b /nix/store/60a09h2l89daz4kij06wv31mxs013svf-riscv64-unknown-elf-toolchain-9.2.0-2855d82/lib/gcc/riscv64-unknown-elf/9.2.0/../../../../riscv64-unknown-elf/lib/rv32imac/ilp32/libg_nano.a(lib_a-sbrkr.o)
 .riscv.attributes
                0x0000000000000504       0x2b /nix/store/60a09h2l89daz4kij06wv31mxs013svf-riscv64-unknown-elf-toolchain-9.2.0-2855d82/lib/gcc/riscv64-unknown-elf/9.2.0/../../../../riscv64-unknown-elf/lib/rv32imac/ilp32/libg_nano.a(lib_a-stdio.o)
 .riscv.attributes
                0x000000000000052f       0x2b /nix/store/60a09h2l89daz4kij06wv31mxs013svf-riscv64-unknown-elf-toolchain-9.2.0-2855d82/lib/gcc/riscv64-unknown-elf/9.2.0/../../../../riscv64-unknown-elf/lib/rv32imac/ilp32/libg_nano.a(lib_a-wbuf.o)
 .riscv.attributes
                0x000000000000055a       0x2b /nix/store/60a09h2l89daz4kij06wv31mxs013svf-riscv64-unknown-elf-toolchain-9.2.0-2855d82/lib/gcc/riscv64-unknown-elf/9.2.0/../../../../riscv64-unknown-elf/lib/rv32imac/ilp32/libg_nano.a(lib_a-writer.o)
 .riscv.attributes
                0x0000000000000585       0x2b /nix/store/60a09h2l89daz4kij06wv31mxs013svf-riscv64-unknown-elf-toolchain-9.2.0-2855d82/lib/gcc/riscv64-unknown-elf/9.2.0/../../../../riscv64-unknown-elf/lib/rv32imac/ilp32/libg_nano.a(lib_a-wsetup.o)
 .riscv.attributes
                0x00000000000005b0       0x2b /nix/store/60a09h2l89daz4kij06wv31mxs013svf-riscv64-unknown-elf-toolchain-9.2.0-2855d82/lib/gcc/riscv64-unknown-elf/9.2.0/../../../../riscv64-unknown-elf/lib/rv32imac/ilp32/libg_nano.a(lib_a-closer.o)
 .riscv.attributes
                0x00000000000005db       0x2b /nix/store/60a09h2l89daz4kij06wv31mxs013svf-riscv64-unknown-elf-toolchain-9.2.0-2855d82/lib/gcc/riscv64-unknown-elf/9.2.0/../../../../riscv64-unknown-elf/lib/rv32imac/ilp32/libg_nano.a(lib_a-fflush.o)
 .riscv.attributes
                0x0000000000000606       0x2b /nix/store/60a09h2l89daz4kij06wv31mxs013svf-riscv64-unknown-elf-toolchain-9.2.0-2855d82/lib/gcc/riscv64-unknown-elf/9.2.0/../../../../riscv64-unknown-elf/lib/rv32imac/ilp32/libg_nano.a(lib_a-lseekr.o)
 .riscv.attributes
                0x0000000000000631       0x2b /nix/store/60a09h2l89daz4kij06wv31mxs013svf-riscv64-unknown-elf-toolchain-9.2.0-2855d82/lib/gcc/riscv64-unknown-elf/9.2.0/../../../../riscv64-unknown-elf/lib/rv32imac/ilp32/libg_nano.a(lib_a-makebuf.o)
 .riscv.attributes
                0x000000000000065c       0x2b /nix/store/60a09h2l89daz4kij06wv31mxs013svf-riscv64-unknown-elf-toolchain-9.2.0-2855d82/lib/gcc/riscv64-unknown-elf/9.2.0/../../../../riscv64-unknown-elf/lib/rv32imac/ilp32/libg_nano.a(lib_a-memchr.o)
 .riscv.attributes
                0x0000000000000687       0x2b /nix/store/60a09h2l89daz4kij06wv31mxs013svf-riscv64-unknown-elf-toolchain-9.2.0-2855d82/lib/gcc/riscv64-unknown-elf/9.2.0/../../../../riscv64-unknown-elf/lib/rv32imac/ilp32/libg_nano.a(lib_a-mlock.o)
 .riscv.attributes
                0x00000000000006b2       0x2b /nix/store/60a09h2l89daz4kij06wv31mxs013svf-riscv64-unknown-elf-toolchain-9.2.0-2855d82/lib/gcc/riscv64-unknown-elf/9.2.0/../../../../riscv64-unknown-elf/lib/rv32imac/ilp32/libg_nano.a(lib_a-nano-freer.o)
 .riscv.attributes
                0x00000000000006dd       0x2b /nix/store/60a09h2l89daz4kij06wv31mxs013svf-riscv64-unknown-elf-toolchain-9.2.0-2855d82/lib/gcc/riscv64-unknown-elf/9.2.0/../../../../riscv64-unknown-elf/lib/rv32imac/ilp32/libg_nano.a(lib_a-readr.o)
 .riscv.attributes
                0x0000000000000708       0x2b /nix/store/60a09h2l89daz4kij06wv31mxs013svf-riscv64-unknown-elf-toolchain-9.2.0-2855d82/lib/gcc/riscv64-unknown-elf/9.2.0/../../../../riscv64-unknown-elf/lib/rv32imac/ilp32/libg_nano.a(lib_a-reent.o)
 .riscv.attributes
                0x0000000000000733       0x2b /nix/store/60a09h2l89daz4kij06wv31mxs013svf-riscv64-unknown-elf-toolchain-9.2.0-2855d82/lib/gcc/riscv64-unknown-elf/9.2.0/../../../../riscv64-unknown-elf/lib/rv32imac/ilp32/libg_nano.a(lib_a-fstatr.o)
 .riscv.attributes
                0x000000000000075e       0x2b /nix/store/60a09h2l89daz4kij06wv31mxs013svf-riscv64-unknown-elf-toolchain-9.2.0-2855d82/lib/gcc/riscv64-unknown-elf/9.2.0/../../../../riscv64-unknown-elf/lib/rv32imac/ilp32/libg_nano.a(lib_a-isattyr.o)

.debug_frame    0x0000000000000000      0x6b0
 .debug_frame   0x0000000000000000       0xdc ./build/app/main.o
 .debug_frame   0x00000000000000dc      0x128 ./build/app/test_824.o
 .debug_frame   0x0000000000000204       0x38 ./build/app/main_test_824.o
 .debug_frame   0x000000000000023c       0x2c ./build/FreeRTOS/_exit.o
 .debug_frame   0x0000000000000268       0x5c ./build/FreeRTOS/close.o
 .debug_frame   0x00000000000002c4       0x5c ./build/FreeRTOS/fstat.o
 .debug_frame   0x0000000000000320       0x34 ./build/FreeRTOS/isatty.o
 .debug_frame   0x0000000000000354       0x5c ./build/FreeRTOS/lseek.o
 .debug_frame   0x00000000000003b0       0x5c ./build/FreeRTOS/read.o
 .debug_frame   0x000000000000040c       0x34 ./build/FreeRTOS/sbrk.o
 .debug_frame   0x0000000000000440       0x5c ./build/FreeRTOS/write.o
 .debug_frame   0x000000000000049c       0x38 ./build/FreeRTOS/write_hex.o
 .debug_frame   0x00000000000004d4      0x1dc ./build/FreeRTOS/init.o
